<Level>
    <EditorSession>
        <Performance CamClipPlanes="0.05 1000" LightsActive="true" PSActive="true" ShowFog="true" ShowSkybox="true" WorldReflection="true" />
        <ViewportConfig BGColor="0.2 0.2 0.2 1" GAmbientLight="true" GPointLight="false" GridSnap="true" GridSnapSeparation="0.25" SelectedViewport="3" UsingEnlargedViewport="true">
            <Viewport CameraPosition="0 0 180" CameraTarget="0 0 0" CameraZoom="0" GridHeight="0" GridPlane="2" Preset="0" RenderMode="1" ShowAxes="true" ShowGrid="true" UsingLTCam="true" />
            <Viewport CameraPosition="180 0 0" CameraTarget="0 0 0" CameraZoom="0" GridHeight="0" GridPlane="0" Preset="1" RenderMode="1" ShowAxes="true" ShowGrid="false" UsingLTCam="true" />
            <Viewport CameraPosition="0 180 0" CameraTarget="0 0 0" CameraZoom="0" GridHeight="0" GridPlane="1" Preset="2" RenderMode="1" ShowAxes="true" ShowGrid="true" UsingLTCam="true" />
            <Viewport CameraPosition="4.07127 6.39979 2.67889" CameraTarget="6.94843 -5.0068e-06 8.25241" CameraZoom="1.71914" GridHeight="0" GridPlane="1" Preset="3" RenderMode="0" ShowAxes="true" ShowGrid="true" UsingLTCam="true" />
        </ViewportConfig>
        <Groups>
            <Group ID="0" Name="None" Visible="true" />
        </Groups>
    </EditorSession>
    <MapData FogActive="false" FogColor="1 1 1 1" FogCulling="true" FogEnd="20" FogFalloffExp="1" FogStart="0" GlobalDecalMaxTris="300" Name="" SkyBoxActive="false" SkyBoxColor="1 1 1 1">
        <MapContents>
            <FileIndex_StaticObjects NumOfFiles="14">
                <File Id="0" Path="static_objects/mansionbase/ceiling/concave.dae" />
                <File Id="1" Path="static_objects/mansionbase/wall/default02.dae" />
                <File Id="2" Path="static_objects/mansionbase/ceiling/corner_concave_short.dae" />
                <File Id="3" Path="static_objects/mansionbase/wall/door_way02.dae" />
                <File Id="4" Path="static_objects/mansionbase/wall/door_frame.dae" />
                <File Id="5" Path="static_objects/mansionbase/wall/window02_blue.dae" />
                <File Id="6" Path="static_objects/castlebase/wall/default.dae" />
                <File Id="7" Path="static_objects/castlebase/wall/door_way.dae" />
                <File Id="8" Path="static_objects/castlebase/ceiling/concave.dae" />
                <File Id="9" Path="static_objects/castlebase/ceiling/corner_concave.dae" />
                <File Id="10" Path="static_objects/castlebase/ceiling/arched.dae" />
                <File Id="11" Path="static_objects/castlebase/pillar/tall_castlestone.dae" />
                <File Id="12" Path="static_objects/castlebase/wall/corner_concave_round.dae" />
                <File Id="13" Path="static_objects/castlebase/ceiling/corner_concave_round.dae" />
            </FileIndex_StaticObjects>
            <FileIndex_Entities NumOfFiles="29">
                <File Id="0" Path="entities/door/mansion/mansion.ent" />
                <File Id="1" Path="entities/furniture/bed_nice/bed_nice.ent" />
                <File Id="2" Path="entities/furniture/cabinet_nice/cabinet_nice.ent" />
                <File Id="3" Path="entities/furniture/chest_of_drawers_nice/chest_of_drawers_nice.ent" />
                <File Id="4" Path="entities/furniture/sofa/sofa.ent" />
                <File Id="5" Path="entities/furniture/stove_front01/stove_front01.ent" />
                <File Id="6" Path="entities/lamp/bonfire/bonfire.ent" />
                <File Id="7" Path="entities/furniture/work_desk/work_desk.ent" />
                <File Id="8" Path="entities/item/tinderbox/tinderbox.ent" />
                <File Id="9" Path="entities/item/potion_oil/potion_oil.ent" />
                <File Id="10" Path="entities/furniture/work_desk/work_desk_door.ent" />
                <File Id="11" Path="entities/desktop/deskpad/deskpad.ent" />
                <File Id="12" Path="entities/desktop/ink_bottle/ink_bottle.ent" />
                <File Id="13" Path="entities/desktop/paperpile01/paperpile01.ent" />
                <File Id="14" Path="entities/desktop/paperpile03/paperpile03.ent" />
                <File Id="15" Path="entities/furniture/chair_wood/chair_wood.ent" />
                <File Id="16" Path="entities/lamp/candlestick02/candlestick02.ent" />
                <File Id="17" Path="entities/furniture/table_nice_round/table_nice_round.ent" />
                <File Id="18" Path="entities/furniture/armchair/armchair.ent" />
                <File Id="19" Path="entities/cloth/shirts/shirt_folded_white/shirt_folded_white.ent" />
                <File Id="20" Path="entities/lamp/candlestick_floor/candlestick_floor.ent" />
                <File Id="21" Path="entities/lamp/candlestick_tri/candlestick_tri.ent" />
                <File Id="22" Path="entities/lamp/candlestick_wall/candlestick_wall.ent" />
                <File Id="23" Path="entities/item/note_letter/note_letter.ent" />
                <File Id="24" Path="entities/item/key_study/key_study.ent" />
                <File Id="25" Path="entities/navigation/sign_study/sign_study.ent" />
                <File Id="26" Path="entities/item/lantern/lantern.ent" />
                <File Id="27" Path="entities/lamp/torch_static01/torch_static01.ent" />
                <File Id="28" Path="entities/cloth/shirts/shirt_hanging_white/shirt_hanging_white.ent" />
            </FileIndex_Entities>
            <FileIndex_Decals NumOfFiles="0" />
            <StaticObjects>
                <StaticObject CastShadows="true" Collides="true" FileIndex="1" Group="0" ID="4" Name="wall_default02_1" Rotation="0 -0 0" Scale="1 1 1" Tag="" WorldPos="2 0 0" />
                <StaticObject CastShadows="true" Collides="true" FileIndex="1" Group="0" ID="5" Name="wall_default02_2" Rotation="0 -0 0" Scale="1 1 1" Tag="" WorldPos="6 0 0" />
                <StaticObject CastShadows="true" Collides="true" FileIndex="1" Group="0" ID="11" Name="wall_default02_6" Rotation="3.14159 8.74228e-08 3.14159" Scale="1 1 1" Tag="" WorldPos="6 0 12" />
                <StaticObject CastShadows="true" Collides="true" FileIndex="1" Group="0" ID="12" Name="wall_default02_7" Rotation="3.14159 8.74228e-08 3.14159" Scale="1 1 1" Tag="" WorldPos="2 0 12" />
                <StaticObject CastShadows="true" Collides="true" FileIndex="1" Group="0" ID="14" Name="wall_default02_9" Rotation="0 1.5708 0" Scale="1 1 1" Tag="" WorldPos="0 0 6" />
                <StaticObject CastShadows="true" Collides="true" FileIndex="1" Group="0" ID="15" Name="wall_default02_10" Rotation="0 1.5708 0" Scale="1 1 1" Tag="" WorldPos="0 0 2" />
                <StaticObject CastShadows="true" Collides="true" FileIndex="3" Group="0" ID="17" Name="wall_door_way02_1" Rotation="0 1.5708 0" Scale="1 1 1" Tag="" WorldPos="0 0 10" />
                <StaticObject CastShadows="true" Collides="true" FileIndex="4" Group="0" ID="18" Name="wall_door_frame_1" Rotation="0 1.5708 0" Scale="1 1 1" Tag="" WorldPos="-0.25 0 10" />
                <StaticObject CastShadows="true" Collides="true" FileIndex="5" Group="0" ID="20" Name="wall_window02_blue_1" Rotation="3.14159 -1.5708 3.14159" Scale="1 1 1" Tag="" WorldPos="8 0 2" />
                <StaticObject CastShadows="true" Collides="true" FileIndex="5" Group="0" ID="21" Name="wall_window02_blue_2" Rotation="3.14159 -1.5708 3.14159" Scale="1 1 1" Tag="" WorldPos="8 0 6" />
                <StaticObject CastShadows="true" Collides="true" FileIndex="5" Group="0" ID="22" Name="wall_window02_blue_3" Rotation="3.14159 -1.5708 3.14159" Scale="1 1 1" Tag="" WorldPos="8 0 10" />
                <StaticObject CastShadows="true" Collides="true" FileIndex="2" Group="0" ID="23" Name="ceiling_corner_concave_short_1" Rotation="0 -0 0" Scale="1 1 1" Tag="" WorldPos="0 4 0" />
                <StaticObject CastShadows="true" Collides="true" FileIndex="2" Group="0" ID="24" Name="ceiling_corner_concave_short_2" Rotation="0 -1.5708 0" Scale="1 1 1" Tag="" WorldPos="8 4 0" />
                <StaticObject CastShadows="true" Collides="true" FileIndex="0" Group="0" ID="25" Name="ceiling_concave_1" Rotation="0 -0 0" Scale="1 1 1" Tag="" WorldPos="4 4 0" />
                <StaticObject CastShadows="true" Collides="true" FileIndex="2" Group="0" ID="26" Name="ceiling_corner_concave_short_3" Rotation="0 1.57079 0" Scale="1 1 1" Tag="" WorldPos="0 4 12" />
                <StaticObject CastShadows="true" Collides="true" FileIndex="0" Group="0" ID="27" Name="ceiling_concave_2" Rotation="3.14159 4.41074e-06 3.14159" Scale="1 1 1" Tag="" WorldPos="4 4 12" />
                <StaticObject CastShadows="true" Collides="true" FileIndex="2" Group="0" ID="28" Name="ceiling_corner_concave_short_4" Rotation="3.14159 6.5883e-06 3.14159" Scale="1 1 1" Tag="" WorldPos="8 4 12" />
                <StaticObject CastShadows="true" Collides="true" FileIndex="0" Group="0" ID="29" Name="ceiling_concave_3" Rotation="0 1.5708 0" Scale="1 1 1" Tag="" WorldPos="0 4 8" />
                <StaticObject CastShadows="true" Collides="true" FileIndex="0" Group="0" ID="30" Name="ceiling_concave_4" Rotation="0 1.5708 0" Scale="1 1 1" Tag="" WorldPos="0 4 4" />
                <StaticObject CastShadows="true" Collides="true" FileIndex="0" Group="0" ID="31" Name="ceiling_concave_5" Rotation="0 -1.5708 0" Scale="1 1 1" Tag="" WorldPos="8 4 4" />
                <StaticObject CastShadows="true" Collides="true" FileIndex="0" Group="0" ID="32" Name="ceiling_concave_6" Rotation="0 -1.5708 0" Scale="1 1 1" Tag="" WorldPos="8 4 8" />
                <StaticObject CastShadows="true" Collides="true" FileIndex="7" Group="0" ID="91" Name="wall_door_way_1" Rotation="3.14159 -1.5708 3.14159" Scale="1 1 1" Tag="" WorldPos="-0.5 0 10" />
                <StaticObject CastShadows="true" Collides="true" FileIndex="6" Group="0" ID="92" Name="wall_default_1" Rotation="3.14159 -1.5708 3.14159" Scale="1 1 1" Tag="" WorldPos="-0.5 0 6" />
                <StaticObject CastShadows="true" Collides="true" FileIndex="6" Group="0" ID="94" Name="wall_default_3" Rotation="3.14159 8.74228e-08 3.14159" Scale="1 1 1" Tag="" WorldPos="-2.5 0 12" />
                <StaticObject CastShadows="true" Collides="true" FileIndex="6" Group="0" ID="95" Name="wall_default_4" Rotation="3.14159 8.74228e-08 3.14159" Scale="1 1 1" Tag="" WorldPos="-6.5 0 12" />
                <StaticObject CastShadows="true" Collides="true" FileIndex="6" Group="0" ID="98" Name="wall_default_7" Rotation="0 1.5708 0" Scale="1 1 1" Tag="" WorldPos="-12.5 0 6" />
                <StaticObject CastShadows="true" Collides="true" FileIndex="6" Group="0" ID="99" Name="wall_default_8" Rotation="0 1.5708 0" Scale="1 1 1" Tag="" WorldPos="-12.5 0 2" />
                <StaticObject CastShadows="true" Collides="true" FileIndex="6" Group="0" ID="100" Name="wall_default_9" Rotation="0 -1.74846e-07 0" Scale="1 1 1" Tag="" WorldPos="-10.5 0 0" />
                <StaticObject CastShadows="true" Collides="true" FileIndex="6" Group="0" ID="101" Name="wall_default_10" Rotation="0 -1.74846e-07 0" Scale="1 1 1" Tag="" WorldPos="-6.5 0 0" />
                <StaticObject CastShadows="true" Collides="true" FileIndex="8" Group="0" ID="103" Name="ceiling_concave_7" Rotation="0 -0 0" Scale="1 1 1" Tag="" WorldPos="-6.5 4 0" />
                <StaticObject CastShadows="true" Collides="true" FileIndex="9" Group="0" ID="105" Name="ceiling_corner_concave_2" Rotation="3.14159 1.5708 3.14159" Scale="1 1 1" Tag="" WorldPos="-10.5 4 2" />
                <StaticObject CastShadows="true" Collides="true" FileIndex="9" Group="0" ID="107" Name="ceiling_corner_concave_4" Rotation="0 -1.5708 0" Scale="1 1 1" Tag="" WorldPos="-2.5 4 10" />
                <StaticObject CastShadows="true" Collides="true" FileIndex="8" Group="0" ID="108" Name="ceiling_concave_8" Rotation="0 1.5708 0" Scale="1 1 1" Tag="" WorldPos="-12.5 4 6" />
                <StaticObject CastShadows="true" Collides="true" FileIndex="8" Group="0" ID="109" Name="ceiling_concave_9" Rotation="3.14159 -1.5708 3.14159" Scale="1 1 1" Tag="" WorldPos="-0.5 4 6" />
                <StaticObject CastShadows="true" Collides="true" FileIndex="8" Group="0" ID="110" Name="ceiling_concave_10" Rotation="3.14159 -4.44253e-06 3.14159" Scale="1 1 1" Tag="" WorldPos="-6.5 4 12" />
                <StaticObject CastShadows="true" Collides="true" FileIndex="10" Group="0" ID="111" Name="ceiling_arched_1" Rotation="0 -1.5708 0" Scale="1 1 1" Tag="" WorldPos="-6.25 5.75 6" />
                <StaticObject CastShadows="true" Collides="true" FileIndex="11" Group="0" ID="112" Name="pillar_tall_castlestone_1" Rotation="0 -1.5708 0" Scale="1 1 1" Tag="" WorldPos="-6.25 0 6" />
                <StaticObject CastShadows="true" Collides="true" FileIndex="12" Group="0" ID="119" Name="wall_corner_concave_round_1" Rotation="0 -0 0" Scale="1 1 1" Tag="" WorldPos="-2.5 0 2" />
                <StaticObject CastShadows="true" Collides="true" FileIndex="13" Group="0" ID="121" Name="ceiling_corner_concave_round_1" Rotation="0 -0 0" Scale="1 1 1" Tag="" WorldPos="-2.5 4 2" />
                <StaticObject CastShadows="true" Collides="true" FileIndex="13" Group="0" ID="122" Name="ceiling_corner_concave_round_2" Rotation="3.14159 4.44253e-06 3.14159" Scale="1 1 1" Tag="" WorldPos="-10.5 4 10" />
                <StaticObject CastShadows="true" Collides="true" FileIndex="12" Group="0" ID="123" Name="wall_corner_concave_round_2" Rotation="3.14159 4.44253e-06 3.14159" Scale="1 1 1" Tag="" WorldPos="-10.5 0 10" />
            </StaticObjects>
            <Primitives>
                <Plane Active="true" AlignToWorldCoords="false" CastShadows="false" Collides="true" Corner1UV="0 12" Corner2UV="0 0" Corner3UV="8 0" Corner4UV="8 12" EndCorner="8 0 12" Group="0" ID="3" Material="/Users/Magnus/Library/Application Support/Steam/SteamApps/common/amnesia the dark descent/static_objects/mansionbase/floor/mansionbase_floor_boards.mat" Name="Plane" Rotation="0 0 0" Scale="1 1 1" StartCorner="0 0 0" Tag="" TextureAngle="0" TileAmount="1 1 1" TileOffset="0 0 0" WorldPos="0 0 0" />
                <Plane Active="true" AlignToWorldCoords="false" CastShadows="false" Collides="true" Corner1UV="0 4" Corner2UV="0 0" Corner3UV="2 0" Corner4UV="2 4" EndCorner="4 0 8" Group="0" ID="33" Material="/Users/Magnus/Library/Application Support/Steam/SteamApps/common/amnesia the dark descent/static_objects/mansionbase/ceiling/mansionbase_ceiling_wood.mat" Name="Plane" Rotation="0 0 3.14159" Scale="1 1 1" StartCorner="0 0 0" Tag="" TextureAngle="0" TileAmount="0.5 1 0.5" TileOffset="0 0 0" WorldPos="6 6 2" />
                <Plane Active="true" AlignToWorldCoords="false" CastShadows="false" Collides="true" Corner1UV="4.24264 4.24264" Corner2UV="0 0" Corner3UV="4.24264 -4.24264" Corner4UV="8.48528 1.43051e-06" EndCorner="12 0 12" Group="0" ID="84" Material="/Users/Mudbill/Library/Application Support/Steam/SteamApps/common/Amnesia The Dark Descent/static_objects/dungeonbase/floor/gigantic_stones.mat" Name="Plane" Rotation="0 0 0" Scale="1 1 1" StartCorner="0 0 0" Tag="" TextureAngle="0.785398" TileAmount="0.5 1 0.5" TileOffset="0 0 0" WorldPos="-12.5 0 0" />
            </Primitives>
            <Decals />
            <Entities>
                <Area Active="true" AreaType="PlayerStart" Group="0" ID="16" Mesh="" Name="PlayerStartArea_1" Rotation="0 0 0" Scale="1 1 1" Tag="" WorldPos="4 0 9.5">
                    <UserVariables />
                </Area>
                <Entity Active="true" FileIndex="0" Group="0" ID="34" Name="Door" Rotation="0 1.5708 0" Scale="1 1 1" Tag="" WorldPos="-0.25 0 10">
                    <UserVariables>
                        <Var Name="CastShadows" Value="true" />
                        <Var Name="StaticPhysics" Value="false" />
                        <Var Name="IsAffectedByDecal" Value="false" />
                        <Var Name="CallbackFunc" Value="" />
                        <Var Name="ConnectedProps" Value="" />
                        <Var Name="ConnectionStateChangeCallback" Value="" />
                        <Var Name="FullGameSave" Value="false" />
                        <Var Name="PlayerLookAtCallback" Value="" />
                        <Var Name="PlayerLookAtCallbackAutoRemove" Value="false" />
                        <Var Name="PlayerInteractCallback" Value="" />
                        <Var Name="PlayerInteractCallbackAutoRemove" Value="false" />
                        <Var Name="Locked" Value="true" />
                        <Var Name="OpenAmount" Value="0" />
                        <Var Name="DisableBreakable" Value="false" />
                    </UserVariables>
                </Entity>
                <Entity Active="true" FileIndex="1" Group="0" ID="35" Name="bed_nice_1" Rotation="0 2.26498e-06 0" Scale="1 1 1" Tag="" WorldPos="4 0 1.75">
                    <UserVariables>
                        <Var Name="CastShadows" Value="true" />
                        <Var Name="IsAffectedByDecal" Value="true" />
                    </UserVariables>
                </Entity>
                <Entity Active="true" FileIndex="2" Group="0" ID="36" Name="cabinet_nice_1" Rotation="0 2.26498e-06 0" Scale="1 1 1" Tag="" WorldPos="1 0 0.75">
                    <UserVariables>
                        <Var Name="CastShadows" Value="true" />
                        <Var Name="StaticPhysics" Value="false" />
                        <Var Name="IsAffectedByDecal" Value="false" />
                        <Var Name="CallbackFunc" Value="" />
                        <Var Name="ConnectedProps" Value="" />
                        <Var Name="ConnectionStateChangeCallback" Value="" />
                        <Var Name="FullGameSave" Value="false" />
                        <Var Name="PlayerLookAtCallback" Value="" />
                        <Var Name="PlayerLookAtCallbackAutoRemove" Value="false" />
                        <Var Name="PlayerInteractCallback" Value="" />
                        <Var Name="PlayerInteractCallbackAutoRemove" Value="false" />
                        <Var Name="Locked" Value="false" />
                        <Var Name="OpenAmount" Value="0" />
                        <Var Name="DisableBreakable" Value="false" />
                    </UserVariables>
                </Entity>
                <Entity Active="true" FileIndex="3" Group="0" ID="37" Name="chest_of_drawers_nice_1" Rotation="0 -0.785395 0" Scale="1 1 1" Tag="" WorldPos="7 0.75 1">
                    <UserVariables>
                        <Var Name="CastShadows" Value="true" />
                        <Var Name="StaticPhysics" Value="false" />
                        <Var Name="IsAffectedByDecal" Value="false" />
                        <Var Name="CallbackFunc" Value="" />
                        <Var Name="ConnectedProps" Value="" />
                        <Var Name="ConnectionStateChangeCallback" Value="" />
                        <Var Name="FullGameSave" Value="false" />
                        <Var Name="PlayerLookAtCallback" Value="" />
                        <Var Name="PlayerLookAtCallbackAutoRemove" Value="false" />
                        <Var Name="PlayerInteractCallback" Value="" />
                        <Var Name="PlayerInteractCallbackAutoRemove" Value="false" />
                        <Var Name="ContainedItem" Value="None" />
                        <Var Name="DisableBreakable" Value="false" />
                        <Var Name="IsInsanityVision" Value="false" />
                        <Var Name="VisionMaxSanity" Value="30" />
                    </UserVariables>
                </Entity>
                <Entity Active="true" FileIndex="4" Group="0" ID="38" Name="sofa_1" Rotation="-3.14159 -0.785395 3.14159" Scale="1 1 1" Tag="" WorldPos="7 0 11">
                    <UserVariables>
                        <Var Name="CastShadows" Value="true" />
                        <Var Name="IsAffectedByDecal" Value="true" />
                    </UserVariables>
                </Entity>
                <Entity Active="true" FileIndex="5" Group="0" ID="39" Name="stove_front01_1" Rotation="3.14159 2.14577e-06 3.14159" Scale="1 1 1" Tag="" WorldPos="4 0 12">
                    <UserVariables>
                        <Var Name="CastShadows" Value="true" />
                        <Var Name="IsAffectedByDecal" Value="true" />
                    </UserVariables>
                </Entity>
                <Entity Active="true" FileIndex="6" Group="0" ID="40" Name="bonfire_1" Rotation="0 1.5708 0" Scale="1 1 1" Tag="" WorldPos="4 0.25 11.25">
                    <UserVariables>
                        <Var Name="CastShadows" Value="true" />
                        <Var Name="StaticPhysics" Value="false" />
                        <Var Name="IsAffectedByDecal" Value="false" />
                        <Var Name="CallbackFunc" Value="" />
                        <Var Name="ConnectedProps" Value="" />
                        <Var Name="ConnectionStateChangeCallback" Value="" />
                        <Var Name="FullGameSave" Value="false" />
                        <Var Name="PlayerLookAtCallback" Value="" />
                        <Var Name="PlayerLookAtCallbackAutoRemove" Value="false" />
                        <Var Name="PlayerInteractCallback" Value="" />
                        <Var Name="PlayerInteractCallbackAutoRemove" Value="false" />
                        <Var Name="Lit" Value="true" />
                        <Var Name="ConnectedLight" Value="" />
                        <Var Name="ConnectionLightAmount" Value="1" />
                        <Var Name="ConnectionLightUseOnColor" Value="true" />
                        <Var Name="ConnectionLightUseSpec" Value="false" />
                    </UserVariables>
                </Entity>
                <Entity Active="true" FileIndex="7" Group="0" ID="41" Name="work_desk_1" Rotation="0 -1.5708 0" Scale="1 1 1" Tag="" WorldPos="7.25 0 6">
                    <UserVariables>
                        <Var Name="CastShadows" Value="true" />
                        <Var Name="StaticPhysics" Value="false" />
                        <Var Name="IsAffectedByDecal" Value="false" />
                        <Var Name="CallbackFunc" Value="" />
                        <Var Name="ConnectedProps" Value="" />
                        <Var Name="ConnectionStateChangeCallback" Value="" />
                        <Var Name="FullGameSave" Value="false" />
                        <Var Name="PlayerLookAtCallback" Value="" />
                        <Var Name="PlayerLookAtCallbackAutoRemove" Value="false" />
                        <Var Name="PlayerInteractCallback" Value="" />
                        <Var Name="PlayerInteractCallbackAutoRemove" Value="false" />
                        <Var Name="ContainedItem" Value="None" />
                        <Var Name="DisableBreakable" Value="false" />
                        <Var Name="IsInsanityVision" Value="false" />
                        <Var Name="VisionMaxSanity" Value="30" />
                    </UserVariables>
                </Entity>
                <Entity Active="true" FileIndex="8" Group="0" ID="42" Name="tinderbox_1" Rotation="3.14159 1.5708 3.14159" Scale="1 1 1" Tag="" WorldPos="7.43428 0.68884 5.13607">
                    <UserVariables>
                        <Var Name="CastShadows" Value="true" />
                        <Var Name="StaticPhysics" Value="false" />
                        <Var Name="IsAffectedByDecal" Value="false" />
                        <Var Name="CallbackFunc" Value="" />
                        <Var Name="ConnectedProps" Value="" />
                        <Var Name="ConnectionStateChangeCallback" Value="" />
                        <Var Name="FullGameSave" Value="false" />
                        <Var Name="PlayerLookAtCallback" Value="" />
                        <Var Name="PlayerLookAtCallbackAutoRemove" Value="false" />
                        <Var Name="PlayerInteractCallback" Value="" />
                        <Var Name="PlayerInteractCallbackAutoRemove" Value="false" />
                        <Var Name="CustomSubItemTypeName" Value="" />
                    </UserVariables>
                </Entity>
                <Entity Active="true" FileIndex="8" Group="0" ID="43" Name="tinderbox_2" Rotation="3.14159 1.5708 3.14159" Scale="1 1 1" Tag="" WorldPos="7.27673 0.68884 5.32481">
                    <UserVariables>
                        <Var Name="CastShadows" Value="true" />
                        <Var Name="StaticPhysics" Value="false" />
                        <Var Name="IsAffectedByDecal" Value="false" />
                        <Var Name="CallbackFunc" Value="" />
                        <Var Name="ConnectedProps" Value="" />
                        <Var Name="ConnectionStateChangeCallback" Value="" />
                        <Var Name="FullGameSave" Value="false" />
                        <Var Name="PlayerLookAtCallback" Value="" />
                        <Var Name="PlayerLookAtCallbackAutoRemove" Value="false" />
                        <Var Name="PlayerInteractCallback" Value="" />
                        <Var Name="PlayerInteractCallbackAutoRemove" Value="false" />
                        <Var Name="CustomSubItemTypeName" Value="" />
                    </UserVariables>
                </Entity>
                <Entity Active="true" FileIndex="9" Group="0" ID="44" Name="potion_oil_1" Rotation="3.14159 1.5708 3.14159" Scale="1 1 1" Tag="" WorldPos="7.29573 0.20231 6.78929">
                    <UserVariables>
                        <Var Name="CastShadows" Value="true" />
                        <Var Name="StaticPhysics" Value="false" />
                        <Var Name="IsAffectedByDecal" Value="false" />
                        <Var Name="CallbackFunc" Value="" />
                        <Var Name="ConnectedProps" Value="" />
                        <Var Name="ConnectionStateChangeCallback" Value="" />
                        <Var Name="FullGameSave" Value="false" />
                        <Var Name="PlayerLookAtCallback" Value="" />
                        <Var Name="PlayerLookAtCallbackAutoRemove" Value="false" />
                        <Var Name="PlayerInteractCallback" Value="" />
                        <Var Name="PlayerInteractCallbackAutoRemove" Value="false" />
                        <Var Name="CustomSubItemTypeName" Value="" />
                    </UserVariables>
                </Entity>
                <Entity Active="true" FileIndex="10" Group="0" ID="45" Name="work_desk_door_1" Rotation="0 -1.5708 0" Scale="1 1 1" Tag="" WorldPos="7.25 0 6">
                    <UserVariables>
                        <Var Name="CastShadows" Value="true" />
                        <Var Name="StaticPhysics" Value="false" />
                        <Var Name="IsAffectedByDecal" Value="false" />
                        <Var Name="CallbackFunc" Value="" />
                        <Var Name="ConnectedProps" Value="" />
                        <Var Name="ConnectionStateChangeCallback" Value="" />
                        <Var Name="FullGameSave" Value="false" />
                        <Var Name="PlayerLookAtCallback" Value="" />
                        <Var Name="PlayerLookAtCallbackAutoRemove" Value="false" />
                        <Var Name="PlayerInteractCallback" Value="" />
                        <Var Name="PlayerInteractCallbackAutoRemove" Value="false" />
                        <Var Name="Locked" Value="false" />
                        <Var Name="OpenAmount" Value="0" />
                        <Var Name="DisableBreakable" Value="false" />
                    </UserVariables>
                </Entity>
                <Entity Active="true" FileIndex="11" Group="0" ID="46" Name="deskpad_1" Rotation="3.14159 -1.5708 3.14159" Scale="1 1 1" Tag="" WorldPos="7.0474 1 6.00733">
                    <UserVariables>
                        <Var Name="CastShadows" Value="true" />
                        <Var Name="StaticPhysics" Value="false" />
                        <Var Name="IsAffectedByDecal" Value="false" />
                        <Var Name="CallbackFunc" Value="" />
                        <Var Name="ConnectedProps" Value="" />
                        <Var Name="ConnectionStateChangeCallback" Value="" />
                        <Var Name="FullGameSave" Value="false" />
                        <Var Name="PlayerLookAtCallback" Value="" />
                        <Var Name="PlayerLookAtCallbackAutoRemove" Value="false" />
                        <Var Name="PlayerInteractCallback" Value="" />
                        <Var Name="PlayerInteractCallbackAutoRemove" Value="false" />
                        <Var Name="ContainedItem" Value="None" />
                        <Var Name="DisableBreakable" Value="false" />
                        <Var Name="IsInsanityVision" Value="false" />
                        <Var Name="VisionMaxSanity" Value="30" />
                    </UserVariables>
                </Entity>
                <Entity Active="true" FileIndex="12" Group="0" ID="47" Name="ink_bottle_1" Rotation="0 -0.802089 -5.00679e-06" Scale="1 1 1" Tag="" WorldPos="7.07181 1.06112 6.48841">
                    <UserVariables>
                        <Var Name="CastShadows" Value="true" />
                        <Var Name="StaticPhysics" Value="false" />
                        <Var Name="IsAffectedByDecal" Value="false" />
                        <Var Name="CallbackFunc" Value="" />
                        <Var Name="ConnectedProps" Value="" />
                        <Var Name="ConnectionStateChangeCallback" Value="" />
                        <Var Name="FullGameSave" Value="false" />
                        <Var Name="PlayerLookAtCallback" Value="" />
                        <Var Name="PlayerLookAtCallbackAutoRemove" Value="false" />
                        <Var Name="PlayerInteractCallback" Value="" />
                        <Var Name="PlayerInteractCallbackAutoRemove" Value="false" />
                        <Var Name="ContainedItem" Value="None" />
                        <Var Name="DisableBreakable" Value="false" />
                        <Var Name="IsInsanityVision" Value="false" />
                        <Var Name="VisionMaxSanity" Value="30" />
                    </UserVariables>
                </Entity>
                <Entity Active="true" FileIndex="13" Group="0" ID="48" Name="paperpile01_1" Rotation="3.14159 -1.5708 3.14159" Scale="1 1 1" Tag="" WorldPos="7.4846 1 5.20847">
                    <UserVariables>
                        <Var Name="CastShadows" Value="true" />
                        <Var Name="IsAffectedByDecal" Value="true" />
                    </UserVariables>
                </Entity>
                <Entity Active="true" FileIndex="13" Group="0" ID="49" Name="paperpile01_2" Rotation="-3.14159 -1.0472 -3.14159" Scale="1 1 1" Tag="" WorldPos="7.54099 1 5.57097">
                    <UserVariables>
                        <Var Name="CastShadows" Value="true" />
                        <Var Name="IsAffectedByDecal" Value="true" />
                    </UserVariables>
                </Entity>
                <Entity Active="true" FileIndex="14" Group="0" ID="50" Name="paperpile03_1" Rotation="3.14159 -1.5708 3.14159" Scale="1 1 1" Tag="" WorldPos="7.10744 1 6.8095">
                    <UserVariables>
                        <Var Name="CastShadows" Value="true" />
                        <Var Name="IsAffectedByDecal" Value="true" />
                    </UserVariables>
                </Entity>
                <Entity Active="true" FileIndex="15" Group="0" ID="51" Name="chair_wood_1" Rotation="-3.14159 1.0472 -3.14159" Scale="1 1 1" Tag="" WorldPos="6 0 6.25">
                    <UserVariables>
                        <Var Name="CastShadows" Value="true" />
                        <Var Name="StaticPhysics" Value="false" />
                        <Var Name="IsAffectedByDecal" Value="false" />
                        <Var Name="CallbackFunc" Value="" />
                        <Var Name="ConnectedProps" Value="" />
                        <Var Name="ConnectionStateChangeCallback" Value="" />
                        <Var Name="FullGameSave" Value="false" />
                        <Var Name="PlayerLookAtCallback" Value="" />
                        <Var Name="PlayerLookAtCallbackAutoRemove" Value="false" />
                        <Var Name="PlayerInteractCallback" Value="" />
                        <Var Name="PlayerInteractCallbackAutoRemove" Value="false" />
                        <Var Name="ContainedItem" Value="None" />
                        <Var Name="DisableBreakable" Value="false" />
                        <Var Name="IsInsanityVision" Value="false" />
                        <Var Name="VisionMaxSanity" Value="30" />
                    </UserVariables>
                </Entity>
                <Entity Active="true" FileIndex="16" Group="0" ID="52" Name="candlestick02_1" Rotation="3.14159 -1.5708 3.14159" Scale="1 1 1" Tag="" WorldPos="7.09985 1 5.29741">
                    <UserVariables>
                        <Var Name="CastShadows" Value="true" />
                        <Var Name="StaticPhysics" Value="false" />
                        <Var Name="IsAffectedByDecal" Value="false" />
                        <Var Name="CallbackFunc" Value="" />
                        <Var Name="ConnectedProps" Value="" />
                        <Var Name="ConnectionStateChangeCallback" Value="" />
                        <Var Name="FullGameSave" Value="false" />
                        <Var Name="PlayerLookAtCallback" Value="" />
                        <Var Name="PlayerLookAtCallbackAutoRemove" Value="false" />
                        <Var Name="PlayerInteractCallback" Value="" />
                        <Var Name="PlayerInteractCallbackAutoRemove" Value="false" />
                        <Var Name="Lit" Value="true" />
                        <Var Name="ConnectedLight" Value="" />
                        <Var Name="ConnectionLightAmount" Value="1" />
                        <Var Name="ConnectionLightUseOnColor" Value="true" />
                        <Var Name="ConnectionLightUseSpec" Value="false" />
                    </UserVariables>
                </Entity>
                <Entity Active="true" FileIndex="17" Group="0" ID="53" Name="table_nice_round_1" Rotation="0 -1.5708 0" Scale="1 1 1" Tag="" WorldPos="5.75 0 9.75">
                    <UserVariables>
                        <Var Name="CastShadows" Value="true" />
                        <Var Name="IsAffectedByDecal" Value="true" />
                    </UserVariables>
                </Entity>
                <Entity Active="true" FileIndex="18" Group="0" ID="54" Name="armchair_1" Rotation="0 -0.785399 0" Scale="1 1 1" Tag="" WorldPos="7 0 8.5">
                    <UserVariables>
                        <Var Name="CastShadows" Value="true" />
                        <Var Name="StaticPhysics" Value="false" />
                        <Var Name="IsAffectedByDecal" Value="false" />
                        <Var Name="CallbackFunc" Value="" />
                        <Var Name="ConnectedProps" Value="" />
                        <Var Name="ConnectionStateChangeCallback" Value="" />
                        <Var Name="FullGameSave" Value="false" />
                        <Var Name="PlayerLookAtCallback" Value="" />
                        <Var Name="PlayerLookAtCallbackAutoRemove" Value="false" />
                        <Var Name="PlayerInteractCallback" Value="" />
                        <Var Name="PlayerInteractCallbackAutoRemove" Value="false" />
                        <Var Name="ContainedItem" Value="None" />
                        <Var Name="DisableBreakable" Value="false" />
                        <Var Name="IsInsanityVision" Value="false" />
                        <Var Name="VisionMaxSanity" Value="30" />
                    </UserVariables>
                </Entity>
                <SpotLight Active="true" Aspect="0.9" CastShadows="true" DiffuseColor="1 1 1 1" FOV="0.785398" FalloffMap="" FlickerActive="false" FlickerFade="false" FlickerOffColor="0 0 0 1" FlickerOffFadeMaxLength="0" FlickerOffFadeMinLength="0" FlickerOffMaxLength="0" FlickerOffMinLength="0" FlickerOffPS="" FlickerOffRadius="0" FlickerOffSound="" FlickerOnFadeMaxLength="0" FlickerOnFadeMinLength="0" FlickerOnMaxLength="0" FlickerOnMinLength="0" FlickerOnPS="" FlickerOnSound="" Gobo="" GoboAnimFrameTime="0" GoboAnimMode="None" Group="0" ID="56" Name="SpotLight_1" NearClipPlane="0.1" Radius="9" Rotation="0 1.5708 3.82829e-07" Scale="1 1 1" ShadowResolution="High" ShadowsAffectDynamic="true" ShadowsAffectStatic="true" SpotFalloffMap="" Tag="" WorldPos="10 2.5 6" />
                <SpotLight Active="true" Aspect="0.9" CastShadows="true" DiffuseColor="1 1 1 1" FOV="0.785398" FalloffMap="" FlickerActive="false" FlickerFade="false" FlickerOffColor="0 0 0 1" FlickerOffFadeMaxLength="0" FlickerOffFadeMinLength="0" FlickerOffMaxLength="0" FlickerOffMinLength="0" FlickerOffPS="" FlickerOffRadius="0" FlickerOffSound="" FlickerOnFadeMaxLength="0" FlickerOnFadeMinLength="0" FlickerOnMaxLength="0" FlickerOnMinLength="0" FlickerOnPS="" FlickerOnSound="" Gobo="" GoboAnimFrameTime="0" GoboAnimMode="None" Group="0" ID="57" Name="SpotLight_2" NearClipPlane="0.1" Radius="10" Rotation="0 1.5708 0.261799" Scale="1 1 1" ShadowResolution="High" ShadowsAffectDynamic="true" ShadowsAffectStatic="true" SpotFalloffMap="" Tag="" WorldPos="11 3.25 2" />
                <SpotLight Active="true" Aspect="0.9" CastShadows="true" DiffuseColor="1 1 1 1" FOV="0.785398" FalloffMap="" FlickerActive="false" FlickerFade="false" FlickerOffColor="0 0 0 1" FlickerOffFadeMaxLength="0" FlickerOffFadeMinLength="0" FlickerOffMaxLength="0" FlickerOffMinLength="0" FlickerOffPS="" FlickerOffRadius="0" FlickerOffSound="" FlickerOnFadeMaxLength="0" FlickerOnFadeMinLength="0" FlickerOnMaxLength="0" FlickerOnMinLength="0" FlickerOnPS="" FlickerOnSound="" Gobo="" GoboAnimFrameTime="0" GoboAnimMode="None" Group="0" ID="58" Name="SpotLight_3" NearClipPlane="0.1" Radius="10" Rotation="0 1.5708 0.261799" Scale="1 1 1" ShadowResolution="High" ShadowsAffectDynamic="true" ShadowsAffectStatic="true" SpotFalloffMap="" Tag="" WorldPos="11 3 10" />
                <SpotLight Active="true" Aspect="0.9" CastShadows="true" DiffuseColor="1 1 1 1" FOV="0.785398" FalloffMap="" FlickerActive="false" FlickerFade="false" FlickerOffColor="0 0 0 1" FlickerOffFadeMaxLength="0" FlickerOffFadeMinLength="0" FlickerOffMaxLength="0" FlickerOffMinLength="0" FlickerOffPS="" FlickerOffRadius="0" FlickerOffSound="" FlickerOnFadeMaxLength="0" FlickerOnFadeMinLength="0" FlickerOnMaxLength="0" FlickerOnMinLength="0" FlickerOnPS="" FlickerOnSound="" Gobo="" GoboAnimFrameTime="0" GoboAnimMode="None" Group="0" ID="59" Name="SpotLight_4" NearClipPlane="0.1" Radius="9" Rotation="0 1.5708 3.82829e-07" Scale="1 1 1" ShadowResolution="High" ShadowsAffectDynamic="true" ShadowsAffectStatic="true" SpotFalloffMap="" Tag="" WorldPos="10 1.75 6" />
                <SpotLight Active="true" Aspect="0.9" CastShadows="true" DiffuseColor="1 1 1 1" FOV="0.785398" FalloffMap="" FlickerActive="false" FlickerFade="false" FlickerOffColor="0 0 0 1" FlickerOffFadeMaxLength="0" FlickerOffFadeMinLength="0" FlickerOffMaxLength="0" FlickerOffMinLength="0" FlickerOffPS="" FlickerOffRadius="0" FlickerOffSound="" FlickerOnFadeMaxLength="0" FlickerOnFadeMinLength="0" FlickerOnMaxLength="0" FlickerOnMinLength="0" FlickerOnPS="" FlickerOnSound="" Gobo="" GoboAnimFrameTime="0" GoboAnimMode="None" Group="0" ID="60" Name="SpotLight_5" NearClipPlane="0.1" Radius="9" Rotation="0 1.5708 3.82829e-07" Scale="1 1 1" ShadowResolution="High" ShadowsAffectDynamic="true" ShadowsAffectStatic="true" SpotFalloffMap="" Tag="" WorldPos="10 3.25 6" />
                <SpotLight Active="true" Aspect="0.9" CastShadows="true" DiffuseColor="1 1 1 1" FOV="0.785398" FalloffMap="" FlickerActive="false" FlickerFade="false" FlickerOffColor="0 0 0 1" FlickerOffFadeMaxLength="0" FlickerOffFadeMinLength="0" FlickerOffMaxLength="0" FlickerOffMinLength="0" FlickerOffPS="" FlickerOffRadius="0" FlickerOffSound="" FlickerOnFadeMaxLength="0" FlickerOnFadeMinLength="0" FlickerOnMaxLength="0" FlickerOnMinLength="0" FlickerOnPS="" FlickerOnSound="" Gobo="" GoboAnimFrameTime="0" GoboAnimMode="None" Group="0" ID="61" Name="SpotLight_6" NearClipPlane="0.1" Radius="9" Rotation="0 1.5708 0.261799" Scale="1 1 1" ShadowResolution="High" ShadowsAffectDynamic="true" ShadowsAffectStatic="true" SpotFalloffMap="" Tag="" WorldPos="11 3.25 6" />
                <SpotLight Active="true" Aspect="0.9" CastShadows="true" DiffuseColor="1 1 1 1" FOV="0.785398" FalloffMap="" FlickerActive="false" FlickerFade="false" FlickerOffColor="0 0 0 1" FlickerOffFadeMaxLength="0" FlickerOffFadeMinLength="0" FlickerOffMaxLength="0" FlickerOffMinLength="0" FlickerOffPS="" FlickerOffRadius="0" FlickerOffSound="" FlickerOnFadeMaxLength="0" FlickerOnFadeMinLength="0" FlickerOnMaxLength="0" FlickerOnMinLength="0" FlickerOnPS="" FlickerOnSound="" Gobo="" GoboAnimFrameTime="0" GoboAnimMode="None" Group="0" ID="62" Name="SpotLight_7" NearClipPlane="0.1" Radius="9" Rotation="0 1.5708 0.261799" Scale="1 1 1" ShadowResolution="High" ShadowsAffectDynamic="true" ShadowsAffectStatic="true" SpotFalloffMap="" Tag="" WorldPos="11 3.25 6" />
                <SpotLight Active="true" Aspect="0.9" CastShadows="true" DiffuseColor="1 1 1 1" FOV="0.785398" FalloffMap="" FlickerActive="false" FlickerFade="false" FlickerOffColor="0 0 0 1" FlickerOffFadeMaxLength="0" FlickerOffFadeMinLength="0" FlickerOffMaxLength="0" FlickerOffMinLength="0" FlickerOffPS="" FlickerOffRadius="0" FlickerOffSound="" FlickerOnFadeMaxLength="0" FlickerOnFadeMinLength="0" FlickerOnMaxLength="0" FlickerOnMinLength="0" FlickerOnPS="" FlickerOnSound="" Gobo="" GoboAnimFrameTime="0" GoboAnimMode="None" Group="0" ID="63" Name="SpotLight_8" NearClipPlane="0.1" Radius="10" Rotation="0 1.5708 0.261799" Scale="1 1 1" ShadowResolution="High" ShadowsAffectDynamic="true" ShadowsAffectStatic="true" SpotFalloffMap="" Tag="" WorldPos="11 3.25 2" />
                <SpotLight Active="true" Aspect="0.9" CastShadows="true" DiffuseColor="1 1 1 1" FOV="0.785398" FalloffMap="" FlickerActive="false" FlickerFade="false" FlickerOffColor="0 0 0 1" FlickerOffFadeMaxLength="0" FlickerOffFadeMinLength="0" FlickerOffMaxLength="0" FlickerOffMinLength="0" FlickerOffPS="" FlickerOffRadius="0" FlickerOffSound="" FlickerOnFadeMaxLength="0" FlickerOnFadeMinLength="0" FlickerOnMaxLength="0" FlickerOnMinLength="0" FlickerOnPS="" FlickerOnSound="" Gobo="" GoboAnimFrameTime="0" GoboAnimMode="None" Group="0" ID="64" Name="SpotLight_9" NearClipPlane="0.1" Radius="10" Rotation="0 1.5708 0.261799" Scale="1 1 1" ShadowResolution="High" ShadowsAffectDynamic="true" ShadowsAffectStatic="true" SpotFalloffMap="" Tag="" WorldPos="11 3.25 2" />
                <SpotLight Active="true" Aspect="0.9" CastShadows="true" DiffuseColor="1 1 1 1" FOV="0.785398" FalloffMap="" FlickerActive="false" FlickerFade="false" FlickerOffColor="0 0 0 1" FlickerOffFadeMaxLength="0" FlickerOffFadeMinLength="0" FlickerOffMaxLength="0" FlickerOffMinLength="0" FlickerOffPS="" FlickerOffRadius="0" FlickerOffSound="" FlickerOnFadeMaxLength="0" FlickerOnFadeMinLength="0" FlickerOnMaxLength="0" FlickerOnMinLength="0" FlickerOnPS="" FlickerOnSound="" Gobo="" GoboAnimFrameTime="0" GoboAnimMode="None" Group="0" ID="65" Name="SpotLight_10" NearClipPlane="0.1" Radius="10" Rotation="0 1.5708 0.261799" Scale="1 1 1" ShadowResolution="High" ShadowsAffectDynamic="true" ShadowsAffectStatic="true" SpotFalloffMap="" Tag="" WorldPos="11 3.25 2" />
                <SpotLight Active="true" Aspect="0.9" CastShadows="true" DiffuseColor="1 1 1 1" FOV="0.785398" FalloffMap="" FlickerActive="false" FlickerFade="false" FlickerOffColor="0 0 0 1" FlickerOffFadeMaxLength="0" FlickerOffFadeMinLength="0" FlickerOffMaxLength="0" FlickerOffMinLength="0" FlickerOffPS="" FlickerOffRadius="0" FlickerOffSound="" FlickerOnFadeMaxLength="0" FlickerOnFadeMinLength="0" FlickerOnMaxLength="0" FlickerOnMinLength="0" FlickerOnPS="" FlickerOnSound="" Gobo="" GoboAnimFrameTime="0" GoboAnimMode="None" Group="0" ID="66" Name="SpotLight_11" NearClipPlane="0.1" Radius="10" Rotation="0 1.5708 0.261799" Scale="1 1 1" ShadowResolution="High" ShadowsAffectDynamic="true" ShadowsAffectStatic="true" SpotFalloffMap="" Tag="" WorldPos="11 3.25 2" />
                <SpotLight Active="true" Aspect="0.9" CastShadows="true" DiffuseColor="1 1 1 1" FOV="0.785398" FalloffMap="" FlickerActive="false" FlickerFade="false" FlickerOffColor="0 0 0 1" FlickerOffFadeMaxLength="0" FlickerOffFadeMinLength="0" FlickerOffMaxLength="0" FlickerOffMinLength="0" FlickerOffPS="" FlickerOffRadius="0" FlickerOffSound="" FlickerOnFadeMaxLength="0" FlickerOnFadeMinLength="0" FlickerOnMaxLength="0" FlickerOnMinLength="0" FlickerOnPS="" FlickerOnSound="" Gobo="" GoboAnimFrameTime="0" GoboAnimMode="None" Group="0" ID="67" Name="SpotLight_12" NearClipPlane="0.1" Radius="10" Rotation="0 1.5708 0.261799" Scale="1 1 1" ShadowResolution="High" ShadowsAffectDynamic="true" ShadowsAffectStatic="true" SpotFalloffMap="" Tag="" WorldPos="11 3 10" />
                <SpotLight Active="true" Aspect="0.9" CastShadows="true" DiffuseColor="1 1 1 1" FOV="0.785398" FalloffMap="" FlickerActive="false" FlickerFade="false" FlickerOffColor="0 0 0 1" FlickerOffFadeMaxLength="0" FlickerOffFadeMinLength="0" FlickerOffMaxLength="0" FlickerOffMinLength="0" FlickerOffPS="" FlickerOffRadius="0" FlickerOffSound="" FlickerOnFadeMaxLength="0" FlickerOnFadeMinLength="0" FlickerOnMaxLength="0" FlickerOnMinLength="0" FlickerOnPS="" FlickerOnSound="" Gobo="" GoboAnimFrameTime="0" GoboAnimMode="None" Group="0" ID="68" Name="SpotLight_13" NearClipPlane="0.1" Radius="10" Rotation="0 1.5708 0.261799" Scale="1 1 1" ShadowResolution="High" ShadowsAffectDynamic="true" ShadowsAffectStatic="true" SpotFalloffMap="" Tag="" WorldPos="11 3 10" />
                <SpotLight Active="true" Aspect="0.9" CastShadows="true" DiffuseColor="1 1 1 1" FOV="0.785398" FalloffMap="" FlickerActive="false" FlickerFade="false" FlickerOffColor="0 0 0 1" FlickerOffFadeMaxLength="0" FlickerOffFadeMinLength="0" FlickerOffMaxLength="0" FlickerOffMinLength="0" FlickerOffPS="" FlickerOffRadius="0" FlickerOffSound="" FlickerOnFadeMaxLength="0" FlickerOnFadeMinLength="0" FlickerOnMaxLength="0" FlickerOnMinLength="0" FlickerOnPS="" FlickerOnSound="" Gobo="" GoboAnimFrameTime="0" GoboAnimMode="None" Group="0" ID="69" Name="SpotLight_14" NearClipPlane="0.1" Radius="10" Rotation="0 1.5708 0.261799" Scale="1 1 1" ShadowResolution="High" ShadowsAffectDynamic="true" ShadowsAffectStatic="true" SpotFalloffMap="" Tag="" WorldPos="11 3 10" />
                <SpotLight Active="true" Aspect="0.9" CastShadows="true" DiffuseColor="1 1 1 1" FOV="0.785398" FalloffMap="" FlickerActive="false" FlickerFade="false" FlickerOffColor="0 0 0 1" FlickerOffFadeMaxLength="0" FlickerOffFadeMinLength="0" FlickerOffMaxLength="0" FlickerOffMinLength="0" FlickerOffPS="" FlickerOffRadius="0" FlickerOffSound="" FlickerOnFadeMaxLength="0" FlickerOnFadeMinLength="0" FlickerOnMaxLength="0" FlickerOnMinLength="0" FlickerOnPS="" FlickerOnSound="" Gobo="" GoboAnimFrameTime="0" GoboAnimMode="None" Group="0" ID="70" Name="SpotLight_15" NearClipPlane="0.1" Radius="10" Rotation="0 1.5708 0.261799" Scale="1 1 1" ShadowResolution="High" ShadowsAffectDynamic="true" ShadowsAffectStatic="true" SpotFalloffMap="" Tag="" WorldPos="11 3 10" />
                <Entity Active="true" FileIndex="20" Group="0" ID="73" Name="candlestick_floor_1" Rotation="0 0 0" Scale="1 1 1" Tag="" WorldPos="0.5 0 11.5">
                    <UserVariables>
                        <Var Name="CastShadows" Value="true" />
                        <Var Name="StaticPhysics" Value="false" />
                        <Var Name="IsAffectedByDecal" Value="false" />
                        <Var Name="CallbackFunc" Value="" />
                        <Var Name="ConnectedProps" Value="" />
                        <Var Name="ConnectionStateChangeCallback" Value="" />
                        <Var Name="FullGameSave" Value="false" />
                        <Var Name="PlayerLookAtCallback" Value="" />
                        <Var Name="PlayerLookAtCallbackAutoRemove" Value="false" />
                        <Var Name="PlayerInteractCallback" Value="" />
                        <Var Name="PlayerInteractCallbackAutoRemove" Value="false" />
                        <Var Name="Lit" Value="true" />
                        <Var Name="ConnectedLight" Value="" />
                        <Var Name="ConnectionLightAmount" Value="1" />
                        <Var Name="ConnectionLightUseOnColor" Value="true" />
                        <Var Name="ConnectionLightUseSpec" Value="false" />
                    </UserVariables>
                </Entity>
                <Entity Active="true" FileIndex="21" Group="0" ID="74" Name="candlestick_tri_1" Rotation="0 -1.0472 0" Scale="1 1 1" Tag="" WorldPos="5.75 1.08717 9.75">
                    <UserVariables>
                        <Var Name="CastShadows" Value="true" />
                        <Var Name="StaticPhysics" Value="false" />
                        <Var Name="IsAffectedByDecal" Value="false" />
                        <Var Name="CallbackFunc" Value="" />
                        <Var Name="ConnectedProps" Value="" />
                        <Var Name="ConnectionStateChangeCallback" Value="" />
                        <Var Name="FullGameSave" Value="false" />
                        <Var Name="PlayerLookAtCallback" Value="" />
                        <Var Name="PlayerLookAtCallbackAutoRemove" Value="false" />
                        <Var Name="PlayerInteractCallback" Value="" />
                        <Var Name="PlayerInteractCallbackAutoRemove" Value="false" />
                        <Var Name="Lit" Value="true" />
                        <Var Name="ConnectedLight" Value="" />
                        <Var Name="ConnectionLightAmount" Value="1" />
                        <Var Name="ConnectionLightUseOnColor" Value="true" />
                        <Var Name="ConnectionLightUseSpec" Value="false" />
                    </UserVariables>
                </Entity>
                <Entity Active="true" FileIndex="22" Group="0" ID="75" Name="candlestick_wall_1" Rotation="0 -1.5708 0" Scale="1 1 1" Tag="" WorldPos="0 2 7">
                    <UserVariables>
                        <Var Name="CastShadows" Value="true" />
                        <Var Name="StaticPhysics" Value="false" />
                        <Var Name="IsAffectedByDecal" Value="false" />
                        <Var Name="CallbackFunc" Value="" />
                        <Var Name="ConnectedProps" Value="" />
                        <Var Name="ConnectionStateChangeCallback" Value="" />
                        <Var Name="FullGameSave" Value="false" />
                        <Var Name="PlayerLookAtCallback" Value="" />
                        <Var Name="PlayerLookAtCallbackAutoRemove" Value="false" />
                        <Var Name="PlayerInteractCallback" Value="" />
                        <Var Name="PlayerInteractCallbackAutoRemove" Value="false" />
                        <Var Name="Lit" Value="true" />
                        <Var Name="ConnectedLight" Value="" />
                        <Var Name="ConnectionLightAmount" Value="1" />
                        <Var Name="ConnectionLightUseOnColor" Value="true" />
                        <Var Name="ConnectionLightUseSpec" Value="false" />
                    </UserVariables>
                </Entity>
                <Entity Active="true" FileIndex="22" Group="0" ID="76" Name="candlestick_wall_2" Rotation="0 -1.5708 0" Scale="1 1 1" Tag="" WorldPos="0 2 5">
                    <UserVariables>
                        <Var Name="CastShadows" Value="true" />
                        <Var Name="StaticPhysics" Value="false" />
                        <Var Name="IsAffectedByDecal" Value="false" />
                        <Var Name="CallbackFunc" Value="" />
                        <Var Name="ConnectedProps" Value="" />
                        <Var Name="ConnectionStateChangeCallback" Value="" />
                        <Var Name="FullGameSave" Value="false" />
                        <Var Name="PlayerLookAtCallback" Value="" />
                        <Var Name="PlayerLookAtCallbackAutoRemove" Value="false" />
                        <Var Name="PlayerInteractCallback" Value="" />
                        <Var Name="PlayerInteractCallbackAutoRemove" Value="false" />
                        <Var Name="Lit" Value="true" />
                        <Var Name="ConnectedLight" Value="" />
                        <Var Name="ConnectionLightAmount" Value="1" />
                        <Var Name="ConnectionLightUseOnColor" Value="true" />
                        <Var Name="ConnectionLightUseSpec" Value="false" />
                    </UserVariables>
                </Entity>
                <Entity Active="true" FileIndex="22" Group="0" ID="77" Name="candlestick_wall_3" Rotation="0 -1.5708 0" Scale="1 1 1" Tag="" WorldPos="0 2 3">
                    <UserVariables>
                        <Var Name="CastShadows" Value="true" />
                        <Var Name="StaticPhysics" Value="false" />
                        <Var Name="IsAffectedByDecal" Value="false" />
                        <Var Name="CallbackFunc" Value="" />
                        <Var Name="ConnectedProps" Value="" />
                        <Var Name="ConnectionStateChangeCallback" Value="" />
                        <Var Name="FullGameSave" Value="false" />
                        <Var Name="PlayerLookAtCallback" Value="" />
                        <Var Name="PlayerLookAtCallbackAutoRemove" Value="false" />
                        <Var Name="PlayerInteractCallback" Value="" />
                        <Var Name="PlayerInteractCallbackAutoRemove" Value="false" />
                        <Var Name="Lit" Value="true" />
                        <Var Name="ConnectedLight" Value="" />
                        <Var Name="ConnectionLightAmount" Value="1" />
                        <Var Name="ConnectionLightUseOnColor" Value="true" />
                        <Var Name="ConnectionLightUseSpec" Value="false" />
                    </UserVariables>
                </Entity>
                <Entity Active="true" FileIndex="23" Group="0" ID="79" Name="NoteStranger" Rotation="0 -1.34159 0" Scale="1 1 1" Tag="" WorldPos="7.04254 1.0148 6">
                    <UserVariables>
                        <Var Name="CastShadows" Value="true" />
                        <Var Name="StaticPhysics" Value="false" />
                        <Var Name="IsAffectedByDecal" Value="false" />
                        <Var Name="CallbackFunc" Value="" />
                        <Var Name="ConnectedProps" Value="" />
                        <Var Name="ConnectionStateChangeCallback" Value="" />
                        <Var Name="FullGameSave" Value="false" />
                        <Var Name="PlayerLookAtCallback" Value="" />
                        <Var Name="PlayerLookAtCallbackAutoRemove" Value="false" />
                        <Var Name="PlayerInteractCallback" Value="" />
                        <Var Name="PlayerInteractCallbackAutoRemove" Value="false" />
                        <Var Name="CustomSubItemTypeName" Value="" />
                        <Var Name="NoteText" Value="NoteStranger" />
                        <Var Name="OpenNoteInJournal" Value="true" />
                        <Var Name="UseNarration" Value="false" />
                    </UserVariables>
                </Entity>
                <BoxLight Active="true" BlendFunc="0" CastShadows="false" DiffuseColor="1 1 1 1" FalloffMap="" FlickerActive="false" FlickerFade="false" FlickerOffColor="0 0 0 1" FlickerOffFadeMaxLength="0" FlickerOffFadeMinLength="0" FlickerOffMaxLength="0" FlickerOffMinLength="0" FlickerOffPS="" FlickerOffRadius="0" FlickerOffSound="" FlickerOnFadeMaxLength="0" FlickerOnFadeMinLength="0" FlickerOnMaxLength="0" FlickerOnMinLength="0" FlickerOnPS="" FlickerOnSound="" Gobo="" GoboAnimFrameTime="0" GoboAnimMode="None" Group="0" ID="80" Name="BoxLight_1" Radius="1" Rotation="0 0 0" Scale="1 1 1" ShadowResolution="High" ShadowsAffectDynamic="true" ShadowsAffectStatic="true" Size="1 1 1" Tag="" WorldPos="8.05335 0 7.11131" />
                <Entity Active="true" FileIndex="24" Group="0" ID="81" Name="key1" Rotation="0 0 0" Scale="1 1 1" Tag="" WorldPos="7.25 0.5 5.25">
                    <UserVariables>
                        <Var Name="CastShadows" Value="true" />
                        <Var Name="StaticPhysics" Value="false" />
                        <Var Name="IsAffectedByDecal" Value="false" />
                        <Var Name="CallbackFunc" Value="" />
                        <Var Name="ConnectedProps" Value="" />
                        <Var Name="ConnectionStateChangeCallback" Value="" />
                        <Var Name="FullGameSave" Value="false" />
                        <Var Name="PlayerLookAtCallback" Value="" />
                        <Var Name="PlayerLookAtCallbackAutoRemove" Value="false" />
                        <Var Name="PlayerInteractCallback" Value="" />
                        <Var Name="PlayerInteractCallbackAutoRemove" Value="false" />
                        <Var Name="CustomSubItemTypeName" Value="key1" />
                    </UserVariables>
                </Entity>
                <Entity Active="true" FileIndex="25" Group="0" ID="82" Name="sign_study_1" Rotation="0 -1.5708 0" Scale="1 1 1" Tag="" WorldPos="-0.5 1.75 8">
                    <UserVariables>
                        <Var Name="CastShadows" Value="true" />
                        <Var Name="IsAffectedByDecal" Value="true" />
                    </UserVariables>
                </Entity>
                <Area Active="true" AreaType="Sign" Group="0" ID="83" Mesh="" Name="SignArea_1" Rotation="0 -0 0" Scale="0.5 0.5 1" Tag="" WorldPos="0.25 2 8">
                    <UserVariables>
                        <Var Name="TextCat" Value="Sign" />
                        <Var Name="TextEntry" Value="Entry1" />
                    </UserVariables>
                </Area>
                <BoxLight Active="true" BlendFunc="0" CastShadows="false" DiffuseColor="0.1 0.1 0.1 1" FalloffMap="/Users/Mudbill/Library/Application Support/Steam/SteamApps/common/Amnesia The Dark Descent/lights/light_falloff_short_fade.tga" FlickerActive="false" FlickerFade="false" FlickerOffColor="0 0 0 1" FlickerOffFadeMaxLength="0" FlickerOffFadeMinLength="0" FlickerOffMaxLength="0" FlickerOffMinLength="0" FlickerOffPS="" FlickerOffRadius="0" FlickerOffSound="" FlickerOnFadeMaxLength="0" FlickerOnFadeMinLength="0" FlickerOnMaxLength="0" FlickerOnMinLength="0" FlickerOnPS="" FlickerOnSound="" Gobo="" GoboAnimFrameTime="0" GoboAnimMode="None" Group="0" ID="114" Name="BoxLight_2" Radius="1" Rotation="0 0 0" Scale="8.25 6.25 12.25" ShadowResolution="High" ShadowsAffectDynamic="true" ShadowsAffectStatic="true" Size="8.25 6.25 12.25" Tag="" WorldPos="4 3 6" />
                <BoxLight Active="true" BlendFunc="0" CastShadows="false" DiffuseColor="0.1 0.1 0.1 1" FalloffMap="/Users/Mudbill/Library/Application Support/Steam/SteamApps/common/Amnesia The Dark Descent/lights/light_falloff_short_fade.tga" FlickerActive="false" FlickerFade="false" FlickerOffColor="0 0 0 1" FlickerOffFadeMaxLength="0" FlickerOffFadeMinLength="0" FlickerOffMaxLength="0" FlickerOffMinLength="0" FlickerOffPS="" FlickerOffRadius="0" FlickerOffSound="" FlickerOnFadeMaxLength="0" FlickerOnFadeMinLength="0" FlickerOnMaxLength="0" FlickerOnMinLength="0" FlickerOnPS="" FlickerOnSound="" Gobo="" GoboAnimFrameTime="0" GoboAnimMode="None" Group="0" ID="116" Name="BoxLight_3" Radius="1" Rotation="0 0 0" Scale="12.25 6.25 12.25" ShadowResolution="High" ShadowsAffectDynamic="true" ShadowsAffectStatic="true" Size="12.25 6.25 12.25" Tag="" WorldPos="-6.5 3 6" />
                <Entity Active="true" FileIndex="26" Group="0" ID="118" Name="lantern_1" Rotation="0 -0 0" Scale="1 1 1" Tag="" WorldPos="7.53146 1.45 1.27668">
                    <UserVariables>
                        <Var Name="CastShadows" Value="true" />
                        <Var Name="StaticPhysics" Value="false" />
                        <Var Name="IsAffectedByDecal" Value="false" />
                        <Var Name="CallbackFunc" Value="" />
                        <Var Name="ConnectedProps" Value="" />
                        <Var Name="ConnectionStateChangeCallback" Value="" />
                        <Var Name="FullGameSave" Value="false" />
                        <Var Name="PlayerLookAtCallback" Value="" />
                        <Var Name="PlayerLookAtCallbackAutoRemove" Value="false" />
                        <Var Name="PlayerInteractCallback" Value="" />
                        <Var Name="PlayerInteractCallbackAutoRemove" Value="false" />
                        <Var Name="CustomSubItemTypeName" Value="" />
                    </UserVariables>
                </Entity>
                <Entity Active="true" FileIndex="27" Group="0" ID="124" Name="torch_static01_1" Rotation="0 0 0" Scale="1 1 1" Tag="" WorldPos="-10 2.25 0">
                    <UserVariables>
                        <Var Name="CastShadows" Value="true" />
                        <Var Name="StaticPhysics" Value="false" />
                        <Var Name="IsAffectedByDecal" Value="false" />
                        <Var Name="CallbackFunc" Value="" />
                        <Var Name="ConnectedProps" Value="" />
                        <Var Name="ConnectionStateChangeCallback" Value="" />
                        <Var Name="FullGameSave" Value="false" />
                        <Var Name="PlayerLookAtCallback" Value="" />
                        <Var Name="PlayerLookAtCallbackAutoRemove" Value="false" />
                        <Var Name="PlayerInteractCallback" Value="" />
                        <Var Name="PlayerInteractCallbackAutoRemove" Value="false" />
                        <Var Name="Lit" Value="true" />
                        <Var Name="ConnectedLight" Value="" />
                        <Var Name="ConnectionLightAmount" Value="1" />
                        <Var Name="ConnectionLightUseOnColor" Value="true" />
                        <Var Name="ConnectionLightUseSpec" Value="false" />
                    </UserVariables>
                </Entity>
                <Entity Active="true" FileIndex="27" Group="0" ID="125" Name="torch_static01_2" Rotation="0 1.5708 0" Scale="1 1 1" Tag="" WorldPos="-12.5 2.25 2.5">
                    <UserVariables>
                        <Var Name="CastShadows" Value="true" />
                        <Var Name="StaticPhysics" Value="false" />
                        <Var Name="IsAffectedByDecal" Value="false" />
                        <Var Name="CallbackFunc" Value="" />
                        <Var Name="ConnectedProps" Value="" />
                        <Var Name="ConnectionStateChangeCallback" Value="" />
                        <Var Name="FullGameSave" Value="false" />
                        <Var Name="PlayerLookAtCallback" Value="" />
                        <Var Name="PlayerLookAtCallbackAutoRemove" Value="false" />
                        <Var Name="PlayerInteractCallback" Value="" />
                        <Var Name="PlayerInteractCallbackAutoRemove" Value="false" />
                        <Var Name="Lit" Value="true" />
                        <Var Name="ConnectedLight" Value="" />
                        <Var Name="ConnectionLightAmount" Value="1" />
                        <Var Name="ConnectionLightUseOnColor" Value="true" />
                        <Var Name="ConnectionLightUseSpec" Value="false" />
                    </UserVariables>
                </Entity>
                <Entity Active="true" FileIndex="28" Group="0" ID="126" Name="shirt_hanging_white_1" Rotation="3.14159 -4.44253e-06 3.14159" Scale="1 1 1" Tag="" WorldPos="0.75 1.5 0.308833">
                    <UserVariables>
                        <Var Name="CastShadows" Value="true" />
                        <Var Name="IsAffectedByDecal" Value="true" />
                    </UserVariables>
                </Entity>
                <Entity Active="true" FileIndex="19" Group="0" ID="128" Name="shirt_folded_white_1" Rotation="0 -0.785398 0" Scale="1 1 1" Tag="" WorldPos="7 0.75 1">
                    <UserVariables>
                        <Var Name="CastShadows" Value="true" />
                        <Var Name="IsAffectedByDecal" Value="true" />
                    </UserVariables>
                </Entity>
            </Entities>
            <Misc />
            <StaticObjectCombos />
        </MapContents>
    </MapData>
</Level>
