<Level>
    <EditorSession>
        <Performance CamClipPlanes="0.05 1000" LightsActive="true" PSActive="true" ShowFog="true" ShowSkybox="true" WorldReflection="true" />
        <ViewportConfig BGColor="0.2 0.2 0.2 1" GAmbientLight="true" GPointLight="true" GridSnap="true" GridSnapSeparation="0.25" SelectedViewport="3" UsingEnlargedViewport="true">
            <Viewport CameraPosition="0 0 180" CameraTarget="0 0 0" CameraZoom="0" GridHeight="0" GridPlane="2" Preset="0" RenderMode="1" ShowAxes="true" ShowGrid="true" UsingLTCam="true" />
            <Viewport CameraPosition="180 0 0" CameraTarget="0 0 0" CameraZoom="0" GridHeight="0" GridPlane="0" Preset="1" RenderMode="1" ShowAxes="true" ShowGrid="true" UsingLTCam="true" />
            <Viewport CameraPosition="0 180 0" CameraTarget="0 0 0" CameraZoom="0" GridHeight="0" GridPlane="1" Preset="2" RenderMode="1" ShowAxes="true" ShowGrid="true" UsingLTCam="true" />
            <Viewport CameraPosition="-7.57761 5.36057 -0.263918" CameraTarget="-4.27401 3.25506 1.43785" CameraZoom="2.46013" GridHeight="0" GridPlane="1" Preset="3" RenderMode="0" ShowAxes="true" ShowGrid="true" UsingLTCam="false" />
        </ViewportConfig>
        <Groups>
            <Group ID="0" Name="None" Visible="true" />
        </Groups>
    </EditorSession>
    <MapData FogActive="false" FogColor="1 1 1 1" FogCulling="true" FogEnd="20" FogFalloffExp="1" FogStart="0" GlobalDecalMaxTris="300" Name="" SkyBoxActive="false" SkyBoxColor="1 1 1 1" SkyBoxTexture="">
        <MapContents>
            <FileIndex_StaticObjects NumOfFiles="9">
                <File Id="0" Path="static_objects/dungeonbase/wall/door_frame_arched.dae" />
                <File Id="1" Path="static_objects/dungeonbase/wall/corner_concave_extension.dae" />
                <File Id="2" Path="static_objects/dungeonbase/ceiling/default.dae" />
                <File Id="3" Path="static_objects/dungeonbase/ceiling/default_round_hole02.dae" />
                <File Id="4" Path="static_objects/dungeonbase/ceiling/concave.dae" />
                <File Id="5" Path="static_objects/dungeonbase/ceiling/corner_concave_round.dae" />
                <File Id="6" Path="static_objects/dungeonbase/wall/default_extension_arch.dae" />
                <File Id="7" Path="static_objects/dungeonbase/wall/door_way_arched.dae" />
                <File Id="8" Path="static_objects/dungeonbase/wall/corridor_extension_2m_welder.dae" />
            </FileIndex_StaticObjects>
            <FileIndex_Entities NumOfFiles="6">
                <File Id="0" Path="entities/furniture/table_metal/table_metal.ent" />
                <File Id="1" Path="entities/door/sewer_arched/sewer_arched.ent" />
                <File Id="2" Path="entities/furniture/table_metal_small/table_metal_small.ent" />
                <File Id="3" Path="entities/lamp/bridge_torch/bridge_torch.ent" />
                <File Id="4" Path="entities/lamp/torch_static01/torch_static_green.ent" />
                <File Id="5" Path="entities/lamp/torch_static01/torch_static01.ent" />
            </FileIndex_Entities>
            <FileIndex_Decals NumOfFiles="0" />
            <StaticObjects>
                <StaticObject CastShadows="true" Collides="true" FileIndex="0" Group="0" ID="7" Name="wall_door_frame_arched_1" Rotation="0 6.99382e-007 0" Scale="1 1 1" Tag="" WorldPos="-2.75 0 -9.25" />
                <StaticObject CastShadows="true" Collides="true" FileIndex="1" Group="0" ID="8" Name="wall_corner_concave_extension_1" Rotation="0 6.99382e-007 0" Scale="1 1 1" Tag="" WorldPos="1.25 0 -7" />
                <StaticObject CastShadows="true" Collides="true" FileIndex="1" Group="0" ID="9" Name="wall_corner_concave_extension_2" Rotation="3.14159 1.5708 3.14159" Scale="1 1 1" Tag="" WorldPos="-6.75 0 -7" />
                <StaticObject CastShadows="true" Collides="true" FileIndex="6" Group="0" ID="15" Name="wall_default_extension_arch_2" Rotation="0 -1.5708 0" Scale="1 1 1" Tag="" WorldPos="3.75 0 -3" />
                <StaticObject CastShadows="true" Collides="true" FileIndex="6" Group="0" ID="16" Name="wall_default_extension_arch_3" Rotation="0 1.5708 0" Scale="1 1 1" Tag="" WorldPos="-9.25 0 -3" />
                <StaticObject CastShadows="true" Collides="true" FileIndex="1" Group="0" ID="18" Name="wall_corner_concave_extension_3" Rotation="-3.14159 2.32458e-006 3.14159" Scale="1 1 1" Tag="" WorldPos="-6.75 0 1" />
                <StaticObject CastShadows="true" Collides="true" FileIndex="1" Group="0" ID="19" Name="wall_corner_concave_extension_4" Rotation="-3.05614 -1.5708 3.05614" Scale="1 1 1" Tag="" WorldPos="1.25 0 1" />
                <StaticObject CastShadows="true" Collides="true" FileIndex="0" Group="0" ID="20" Name="wall_door_frame_arched_2" Rotation="0 6.99382e-007 0" Scale="1 1 1" Tag="" WorldPos="-2.75 0 3.5" />
                <StaticObject CastShadows="true" Collides="true" FileIndex="7" Group="0" ID="21" Name="wall_door_way_arched_1" Rotation="3.14159 -1.9789e-006 3.14159" Scale="1 1 1" Tag="" WorldPos="-2.75 0 3.25" />
                <StaticObject CastShadows="true" Collides="true" FileIndex="7" Group="0" ID="22" Name="wall_door_way_arched_2" Rotation="0 1.35106e-006 0" Scale="1 1 1" Tag="" WorldPos="-2.75 0 -9.25" />
                <StaticObject CastShadows="true" Collides="true" FileIndex="8" Group="0" ID="34" Name="wall_corridor_extension_2m_welder_1" Rotation="0 1.35106e-006 0" Scale="0.75 0.75 0.75" Tag="" WorldPos="2.5 0 -5" />
                <StaticObject CastShadows="true" Collides="true" FileIndex="8" Group="0" ID="35" Name="wall_corridor_extension_2m_welder_2" Rotation="0 1.35106e-006 0" Scale="0.75 0.75 0.75" Tag="" WorldPos="2.5 0 -1" />
                <StaticObject CastShadows="true" Collides="true" FileIndex="5" Group="0" ID="38" Name="ceiling_corner_concave_round_1" Rotation="0 1.35106e-006 0" Scale="1 1 1" Tag="" WorldPos="1.5 4 -7.25" />
                <StaticObject CastShadows="true" Collides="true" FileIndex="5" Group="0" ID="40" Name="ceiling_corner_concave_round_2" Rotation="0 -1.5708 0" Scale="1 1 1" Tag="" WorldPos="1.5 4 1.25" />
                <StaticObject CastShadows="true" Collides="true" FileIndex="5" Group="0" ID="41" Name="ceiling_corner_concave_round_3" Rotation="3.14159 -1.37491e-006 3.14159" Scale="1 1 1" Tag="" WorldPos="-7 4 1.25" />
                <StaticObject CastShadows="true" Collides="true" FileIndex="5" Group="0" ID="42" Name="ceiling_corner_concave_round_4" Rotation="3.14159 1.5708 3.14159" Scale="1 1 1" Tag="" WorldPos="-7 4 -7.25" />
                <StaticObject CastShadows="true" Collides="true" FileIndex="4" Group="0" ID="45" Name="ceiling_concave_1" Rotation="0 -1.5708 0" Scale="1 1 1" Tag="" WorldPos="3.75 4 -3" />
                <StaticObject CastShadows="true" Collides="true" FileIndex="4" Group="0" ID="46" Name="ceiling_concave_2" Rotation="0 9.5399e-008 0" Scale="1 1 1" Tag="" WorldPos="-2.75 4 -9.5" />
                <StaticObject CastShadows="true" Collides="true" FileIndex="4" Group="0" ID="47" Name="ceiling_concave_3" Rotation="3.14159 1.5708 3.14159" Scale="1 1 1" Tag="" WorldPos="-9.25 4 -3" />
                <StaticObject CastShadows="true" Collides="true" FileIndex="4" Group="0" ID="48" Name="ceiling_concave_4" Rotation="3.14159 -1.37491e-006 3.14159" Scale="1 1 1" Tag="" WorldPos="-2.75 4 3.5" />
                <StaticObject CastShadows="true" Collides="true" FileIndex="3" Group="0" ID="49" Name="ceiling_default_round_hole02_1" Rotation="3.14159 -1.37491e-006 3.14159" Scale="1 1 1" Tag="" WorldPos="-0.25 5.75 -3" />
                <StaticObject CastShadows="true" Collides="true" FileIndex="2" Group="0" ID="50" Name="ceiling_default_1" Rotation="3.14159 -1.37491e-006 3.14159" Scale="1.25 1 1" Tag="" WorldPos="-4.75 5.75 -3" />
            </StaticObjects>
            <Primitives>
                <Plane Active="true" AlignToWorldCoords="false" CastShadows="false" Collides="true" Corner1UV="3.16898e-006 -1.25" Corner2UV="0 0" Corner3UV="-4.625 -1.17252e-005" Corner4UV="-4.625 -1.25001" EndCorner="9.25 0 2.5" Group="0" ID="51" Material="C:/Program Files/Amnesia - The Dark Descent/redist/static_objects/dungeonbase/dungeonbase_wall_tileable.mat" Name="Plane" Rotation="3.14159 0 0" Scale="1 1 1" StartCorner="0 0 0" Tag="" TextureAngle="3.14159" TileAmount="0.5 1 0.5" TileOffset="0 0 0" WorldPos="-7.5 5.5 1.5" />
                <Plane Active="true" AlignToWorldCoords="false" CastShadows="false" Collides="true" Corner1UV="0 1.25" Corner2UV="0 0" Corner3UV="4.625 0" Corner4UV="4.625 1.25" EndCorner="9.25 0 2.5" Group="0" ID="52" Material="C:/Program Files/Amnesia - The Dark Descent/redist/static_objects/dungeonbase/dungeonbase_wall_tileable.mat" Name="Plane_1" Rotation="3.14159 0 0" Scale="1 1 1" StartCorner="0 0 0" Tag="" TextureAngle="0" TileAmount="0.5 1 0.5" TileOffset="0 0 0" WorldPos="-7.5 5.5 -5" />
                <Plane Active="true" AlignToWorldCoords="false" CastShadows="false" Collides="true" Corner1UV="0 5.6" Corner2UV="0 0" Corner3UV="5.7 0" Corner4UV="5.7 5.6" EndCorner="14.25 0 14" Group="0" ID="54" Material="C:/Program Files/Amnesia - The Dark Descent/redist/static_objects/dungeonbase/dungeonbase_floor.mat" Name="Plane" Rotation="0 0 0" Scale="1 1 1" StartCorner="0 0 0" Tag="" TextureAngle="0" TileAmount="0.4 1 0.4" TileOffset="0 0 0" WorldPos="-9.5 0 -10.5" />
            </Primitives>
            <Decals />
            <Entities>
                <Entity Active="true" FileIndex="0" Group="0" ID="0" Name="table_metal_1" Rotation="0 6.28319 0" Scale="1 1 1" Tag="" WorldPos="-3.5 0 -0.5">
                    <UserVariables>
                        <Var Name="CastShadows" Value="true" />
                        <Var Name="IsAffectedByDecal" Value="true" />
                    </UserVariables>
                </Entity>
                <Entity Active="true" FileIndex="0" Group="0" ID="2" Name="table_metal_2" Rotation="0 6.28319 0" Scale="1 1 1" Tag="" WorldPos="-3.5 0 -5.5">
                    <UserVariables>
                        <Var Name="CastShadows" Value="true" />
                        <Var Name="IsAffectedByDecal" Value="true" />
                    </UserVariables>
                </Entity>
                <Entity Active="true" FileIndex="0" Group="0" ID="3" Name="table_metal_3" Rotation="0 1.5708 0" Scale="1 1 1" Tag="" WorldPos="-6 0 -3">
                    <UserVariables>
                        <Var Name="CastShadows" Value="true" />
                        <Var Name="IsAffectedByDecal" Value="true" />
                    </UserVariables>
                </Entity>
                <Entity Active="true" FileIndex="0" Group="0" ID="4" Name="table_metal_4" Rotation="0 1.5708 0" Scale="1 1 1" Tag="" WorldPos="0 0 -3">
                    <UserVariables>
                        <Var Name="CastShadows" Value="true" />
                        <Var Name="IsAffectedByDecal" Value="true" />
                    </UserVariables>
                </Entity>
                <Entity Active="true" FileIndex="1" Group="0" ID="23" Name="sewer_arched_1" Rotation="0 6.28319 0" Scale="1 1 1" Tag="" WorldPos="-2.72233 0 -9.25">
                    <UserVariables>
                        <Var Name="CastShadows" Value="true" />
                        <Var Name="StaticPhysics" Value="false" />
                        <Var Name="IsAffectedByDecal" Value="false" />
                        <Var Name="CallbackFunc" Value="" />
                        <Var Name="ConnectedProps" Value="" />
                        <Var Name="ConnectionStateChangeCallback" Value="" />
                        <Var Name="FullGameSave" Value="false" />
                        <Var Name="PlayerLookAtCallback" Value="" />
                        <Var Name="PlayerLookAtCallbackAutoRemove" Value="false" />
                        <Var Name="PlayerInteractCallback" Value="" />
                        <Var Name="PlayerInteractCallbackAutoRemove" Value="false" />
                        <Var Name="Locked" Value="true" />
                        <Var Name="OpenAmount" Value="0" />
                        <Var Name="DisableBreakable" Value="false" />
                    </UserVariables>
                </Entity>
                <Entity Active="true" FileIndex="1" Group="0" ID="24" Name="sewer_arched_2" Rotation="0 6.28319 0" Scale="1 1 1" Tag="" WorldPos="-2.74251 0 3.5">
                    <UserVariables>
                        <Var Name="CastShadows" Value="true" />
                        <Var Name="StaticPhysics" Value="false" />
                        <Var Name="IsAffectedByDecal" Value="false" />
                        <Var Name="CallbackFunc" Value="" />
                        <Var Name="ConnectedProps" Value="" />
                        <Var Name="ConnectionStateChangeCallback" Value="" />
                        <Var Name="FullGameSave" Value="false" />
                        <Var Name="PlayerLookAtCallback" Value="" />
                        <Var Name="PlayerLookAtCallbackAutoRemove" Value="false" />
                        <Var Name="PlayerInteractCallback" Value="" />
                        <Var Name="PlayerInteractCallbackAutoRemove" Value="false" />
                        <Var Name="Locked" Value="true" />
                        <Var Name="OpenAmount" Value="0" />
                        <Var Name="DisableBreakable" Value="false" />
                    </UserVariables>
                </Entity>
                <Entity Active="true" FileIndex="2" Group="0" ID="25" Name="table_metal_small_1" Rotation="0 6.80678 0" Scale="1 1 1" Tag="" WorldPos="1 0 -1.25">
                    <UserVariables>
                        <Var Name="CastShadows" Value="true" />
                        <Var Name="IsAffectedByDecal" Value="true" />
                    </UserVariables>
                </Entity>
                <Entity Active="true" FileIndex="4" Group="0" ID="27" Name="torch_static_green_1" Rotation="0 10.9956 0" Scale="1 1 1" Tag="" WorldPos="3.75 2 -3">
                    <UserVariables>
                        <Var Name="CastShadows" Value="true" />
                        <Var Name="StaticPhysics" Value="false" />
                        <Var Name="IsAffectedByDecal" Value="false" />
                        <Var Name="CallbackFunc" Value="" />
                        <Var Name="ConnectedProps" Value="" />
                        <Var Name="ConnectionStateChangeCallback" Value="" />
                        <Var Name="FullGameSave" Value="false" />
                        <Var Name="PlayerLookAtCallback" Value="" />
                        <Var Name="PlayerLookAtCallbackAutoRemove" Value="false" />
                        <Var Name="PlayerInteractCallback" Value="" />
                        <Var Name="PlayerInteractCallbackAutoRemove" Value="false" />
                        <Var Name="Lit" Value="true" />
                        <Var Name="ConnectedLight" Value="" />
                        <Var Name="ConnectionLightAmount" Value="1" />
                        <Var Name="ConnectionLightUseOnColor" Value="true" />
                        <Var Name="ConnectionLightUseSpec" Value="false" />
                    </UserVariables>
                </Entity>
                <Entity Active="true" FileIndex="5" Group="0" ID="28" Name="torch_static01_1" Rotation="0 14.1372 0" Scale="1 1 1" Tag="" WorldPos="-9.25 2 -3">
                    <UserVariables>
                        <Var Name="CastShadows" Value="true" />
                        <Var Name="StaticPhysics" Value="false" />
                        <Var Name="IsAffectedByDecal" Value="false" />
                        <Var Name="CallbackFunc" Value="" />
                        <Var Name="ConnectedProps" Value="" />
                        <Var Name="ConnectionStateChangeCallback" Value="" />
                        <Var Name="FullGameSave" Value="false" />
                        <Var Name="PlayerLookAtCallback" Value="" />
                        <Var Name="PlayerLookAtCallbackAutoRemove" Value="false" />
                        <Var Name="PlayerInteractCallback" Value="" />
                        <Var Name="PlayerInteractCallbackAutoRemove" Value="false" />
                        <Var Name="Lit" Value="true" />
                        <Var Name="ConnectedLight" Value="" />
                        <Var Name="ConnectionLightAmount" Value="1" />
                        <Var Name="ConnectionLightUseOnColor" Value="true" />
                        <Var Name="ConnectionLightUseSpec" Value="false" />
                    </UserVariables>
                </Entity>
                <Entity Active="true" FileIndex="5" Group="0" ID="29" Name="torch_static01_2" Rotation="0 18.8496 0" Scale="1 1 1" Tag="" WorldPos="-4.75 2 -9">
                    <UserVariables>
                        <Var Name="CastShadows" Value="true" />
                        <Var Name="StaticPhysics" Value="false" />
                        <Var Name="IsAffectedByDecal" Value="false" />
                        <Var Name="CallbackFunc" Value="" />
                        <Var Name="ConnectedProps" Value="" />
                        <Var Name="ConnectionStateChangeCallback" Value="" />
                        <Var Name="FullGameSave" Value="false" />
                        <Var Name="PlayerLookAtCallback" Value="" />
                        <Var Name="PlayerLookAtCallbackAutoRemove" Value="false" />
                        <Var Name="PlayerInteractCallback" Value="" />
                        <Var Name="PlayerInteractCallbackAutoRemove" Value="false" />
                        <Var Name="Lit" Value="true" />
                        <Var Name="ConnectedLight" Value="" />
                        <Var Name="ConnectionLightAmount" Value="1" />
                        <Var Name="ConnectionLightUseOnColor" Value="true" />
                        <Var Name="ConnectionLightUseSpec" Value="false" />
                    </UserVariables>
                </Entity>
                <Entity Active="true" FileIndex="5" Group="0" ID="30" Name="torch_static01_3" Rotation="0 18.8496 0" Scale="1 1 1" Tag="" WorldPos="-0.75 2 -9">
                    <UserVariables>
                        <Var Name="CastShadows" Value="true" />
                        <Var Name="StaticPhysics" Value="false" />
                        <Var Name="IsAffectedByDecal" Value="false" />
                        <Var Name="CallbackFunc" Value="" />
                        <Var Name="ConnectedProps" Value="" />
                        <Var Name="ConnectionStateChangeCallback" Value="" />
                        <Var Name="FullGameSave" Value="false" />
                        <Var Name="PlayerLookAtCallback" Value="" />
                        <Var Name="PlayerLookAtCallbackAutoRemove" Value="false" />
                        <Var Name="PlayerInteractCallback" Value="" />
                        <Var Name="PlayerInteractCallbackAutoRemove" Value="false" />
                        <Var Name="Lit" Value="true" />
                        <Var Name="ConnectedLight" Value="" />
                        <Var Name="ConnectionLightAmount" Value="1" />
                        <Var Name="ConnectionLightUseOnColor" Value="true" />
                        <Var Name="ConnectionLightUseSpec" Value="false" />
                    </UserVariables>
                </Entity>
                <Entity Active="true" FileIndex="5" Group="0" ID="31" Name="torch_static01_4" Rotation="0 21.9911 0" Scale="1 1 1" Tag="" WorldPos="-0.75 2 3">
                    <UserVariables>
                        <Var Name="CastShadows" Value="true" />
                        <Var Name="StaticPhysics" Value="false" />
                        <Var Name="IsAffectedByDecal" Value="false" />
                        <Var Name="CallbackFunc" Value="" />
                        <Var Name="ConnectedProps" Value="" />
                        <Var Name="ConnectionStateChangeCallback" Value="" />
                        <Var Name="FullGameSave" Value="false" />
                        <Var Name="PlayerLookAtCallback" Value="" />
                        <Var Name="PlayerLookAtCallbackAutoRemove" Value="false" />
                        <Var Name="PlayerInteractCallback" Value="" />
                        <Var Name="PlayerInteractCallbackAutoRemove" Value="false" />
                        <Var Name="Lit" Value="true" />
                        <Var Name="ConnectedLight" Value="" />
                        <Var Name="ConnectionLightAmount" Value="1" />
                        <Var Name="ConnectionLightUseOnColor" Value="true" />
                        <Var Name="ConnectionLightUseSpec" Value="false" />
                    </UserVariables>
                </Entity>
                <Entity Active="true" FileIndex="5" Group="0" ID="32" Name="torch_static01_5" Rotation="0 21.9911 0" Scale="1 1 1" Tag="" WorldPos="-4.75 2 3">
                    <UserVariables>
                        <Var Name="CastShadows" Value="true" />
                        <Var Name="StaticPhysics" Value="false" />
                        <Var Name="IsAffectedByDecal" Value="false" />
                        <Var Name="CallbackFunc" Value="" />
                        <Var Name="ConnectedProps" Value="" />
                        <Var Name="ConnectionStateChangeCallback" Value="" />
                        <Var Name="FullGameSave" Value="false" />
                        <Var Name="PlayerLookAtCallback" Value="" />
                        <Var Name="PlayerLookAtCallbackAutoRemove" Value="false" />
                        <Var Name="PlayerInteractCallback" Value="" />
                        <Var Name="PlayerInteractCallbackAutoRemove" Value="false" />
                        <Var Name="Lit" Value="true" />
                        <Var Name="ConnectedLight" Value="" />
                        <Var Name="ConnectionLightAmount" Value="1" />
                        <Var Name="ConnectionLightUseOnColor" Value="true" />
                        <Var Name="ConnectionLightUseSpec" Value="false" />
                    </UserVariables>
                </Entity>
                <Entity Active="true" FileIndex="3" Group="0" ID="36" Name="bridge_torch_1" Rotation="3.14159 -1.32722e-006 3.14159" Scale="1 1 1" Tag="" WorldPos="2.50488 1.5 -1.00915">
                    <UserVariables>
                        <Var Name="CastShadows" Value="true" />
                        <Var Name="StaticPhysics" Value="false" />
                        <Var Name="IsAffectedByDecal" Value="false" />
                        <Var Name="CallbackFunc" Value="" />
                        <Var Name="ConnectedProps" Value="" />
                        <Var Name="ConnectionStateChangeCallback" Value="" />
                        <Var Name="FullGameSave" Value="false" />
                        <Var Name="PlayerLookAtCallback" Value="" />
                        <Var Name="PlayerLookAtCallbackAutoRemove" Value="false" />
                        <Var Name="PlayerInteractCallback" Value="" />
                        <Var Name="PlayerInteractCallbackAutoRemove" Value="false" />
                        <Var Name="Lit" Value="true" />
                        <Var Name="ConnectedLight" Value="" />
                        <Var Name="ConnectionLightAmount" Value="1" />
                        <Var Name="ConnectionLightUseOnColor" Value="true" />
                        <Var Name="ConnectionLightUseSpec" Value="false" />
                    </UserVariables>
                </Entity>
                <Entity Active="true" FileIndex="3" Group="0" ID="37" Name="bridge_torch_2" Rotation="3.14159 -1.32722e-006 3.14159" Scale="1 1 1" Tag="" WorldPos="2.50223 1.5 -4.98921">
                    <UserVariables>
                        <Var Name="CastShadows" Value="true" />
                        <Var Name="StaticPhysics" Value="false" />
                        <Var Name="IsAffectedByDecal" Value="false" />
                        <Var Name="CallbackFunc" Value="" />
                        <Var Name="ConnectedProps" Value="" />
                        <Var Name="ConnectionStateChangeCallback" Value="" />
                        <Var Name="FullGameSave" Value="false" />
                        <Var Name="PlayerLookAtCallback" Value="" />
                        <Var Name="PlayerLookAtCallbackAutoRemove" Value="false" />
                        <Var Name="PlayerInteractCallback" Value="" />
                        <Var Name="PlayerInteractCallbackAutoRemove" Value="false" />
                        <Var Name="Lit" Value="true" />
                        <Var Name="ConnectedLight" Value="" />
                        <Var Name="ConnectionLightAmount" Value="1" />
                        <Var Name="ConnectionLightUseOnColor" Value="true" />
                        <Var Name="ConnectionLightUseSpec" Value="false" />
                    </UserVariables>
                </Entity>
                <Area Active="true" AreaType="PlayerStart" Group="0" ID="55" Mesh="" Name="PlayerStartArea_1" Rotation="0 0 0" Scale="1.5 0.5 1" Tag="" WorldPos="0.25 1.25 -3">
                    <UserVariables />
                </Area>
            </Entities>
            <Misc />
            <StaticObjectCombos />
        </MapContents>
    </MapData>
</Level>
